{
  "version": "1.4.0",
  "plugins_used": [
    {
      "name": "ArtifactoryDetector"
    },
    {
      "name": "AWSKeyDetector"
    },
    {
      "name": "AzureStorageKeyDetector"
    },
    {
      "name": "Base64HighEntropyString",
      "limit": 4.5
    },
    {
      "name": "BasicAuthDetector"
    },
    {
      "name": "CloudantDetector"
    },
    {
      "name": "DiscordBotTokenDetector"
    },
    {
      "name": "GitHubTokenDetector"
    },
    {
      "name": "HexHighEntropyString",
      "limit": 3.0
    },
    {
      "name": "IbmCloudIamDetector"
    },
    {
      "name": "IbmCosHmacDetector"
    },
    {
      "name": "JwtTokenDetector"
    },
    {
      "name": "KeywordDetector",
      "keyword_exclude": ""
    },
    {
      "name": "MailchimpDetector"
    },
    {
      "name": "NpmDetector"
    },
    {
      "name": "PrivateKeyDetector"
    },
    {
      "name": "SendGridDetector"
    },
    {
      "name": "SlackDetector"
    },
    {
      "name": "SoftlayerDetector"
    },
    {
      "name": "SquareOAuthDetector"
    },
    {
      "name": "StripeDetector"
    },
    {
      "name": "TwilioKeyDetector"
    }
  ],
  "filters_used": [
    {
      "path": "detect_secrets.filters.allowlist.is_line_allowlisted"
    },
    {
      "path": "detect_secrets.filters.common.is_baseline_file",
      "filename": ".secrets.baseline"
    },
    {
      "path": "detect_secrets.filters.common.is_ignored_due_to_verification_policies",
      "min_level": 2
    },
    {
      "path": "detect_secrets.filters.heuristic.is_indirect_reference"
    },
    {
      "path": "detect_secrets.filters.heuristic.is_likely_id_string"
    },
    {
      "path": "detect_secrets.filters.heuristic.is_lock_file"
    },
    {
      "path": "detect_secrets.filters.heuristic.is_not_alphanumeric_string"
    },
    {
      "path": "detect_secrets.filters.heuristic.is_potential_uuid"
    },
    {
      "path": "detect_secrets.filters.heuristic.is_prefixed_with_dollar_sign"
    },
    {
      "path": "detect_secrets.filters.heuristic.is_sequential_string"
    },
    {
      "path": "detect_secrets.filters.heuristic.is_swagger_file"
    },
    {
      "path": "detect_secrets.filters.heuristic.is_templated_secret"
    }
  ],
  "results": {
    ".gitlab-ci.yml": [
      {
        "type": "Secret Keyword",
        "filename": ".gitlab-ci.yml",
        "hashed_secret": "a94a8fe5ccb19ba61c4c0873d391e987982fbbd3",
        "is_verified": false,
        "line_number": 49,
        "is_secret": false
      }
    ],
    "README.md": [
      {
        "type": "Hex High Entropy String",
        "filename": "README.md",
        "hashed_secret": "4699f6728b23ee847a94d46c8c88845c0d010810",
        "is_verified": false,
        "line_number": 84,
        "is_secret": false
      },
      {
        "type": "Hex High Entropy String",
        "filename": "README.md",
        "hashed_secret": "44cc59c23214afd591bdc879f8aa22094e39424d",
        "is_verified": false,
        "line_number": 85,
        "is_secret": false
      },
      {
        "type": "Hex High Entropy String",
        "filename": "README.md",
        "hashed_secret": "b6f6eef3865774de17320e862df503a2bafff715",
        "is_verified": false,
        "line_number": 86,
        "is_secret": false
      }
    ],
    "indexd_test_utils/__init__.py": [
      {
        "type": "Secret Keyword",
        "filename": "indexd_test_utils/__init__.py",
        "hashed_secret": "d033e22ae348aeb5660fc2140aec35850c4da997",
        "is_verified": false,
        "line_number": 83,
        "is_secret": false
      }
    ],
    "pytest_indexd/fixtures/db_fixtures.py": [
      {
        "type": "Secret Keyword",
        "filename": "pytest_indexd/fixtures/db_fixtures.py",
        "hashed_secret": "d033e22ae348aeb5660fc2140aec35850c4da997",
        "is_verified": false,
        "line_number": 86,
        "is_secret": false
      }
    ],
    "tests/data/documents.json": [
      {
        "type": "Hex High Entropy String",
        "filename": "tests/data/documents.json",
        "hashed_secret": "4109ff76b6fbb81f87252397993dae7af29cbeef",
        "is_verified": false,
        "line_number": 10,
        "is_secret": false
      }
    ],
    "tests/integration/test_client.py": [
      {
        "type": "Hex High Entropy String",
        "filename": "tests/integration/test_client.py",
        "hashed_secret": "301918c8b904630da85e75ee32e9ba68ff925b73",
        "is_verified": false,
        "line_number": 19,
        "is_secret": false
      },
      {
        "type": "Hex High Entropy String",
        "filename": "tests/integration/test_client.py",
        "hashed_secret": "27860ead00d0b07e86f0819703c8ea31113025a4",
        "is_verified": false,
        "line_number": 60,
        "is_secret": false
      },
      {
        "type": "Hex High Entropy String",
        "filename": "tests/integration/test_client.py",
        "hashed_secret": "b1446dd542cd1725f1c2a1a43905355cd31c039f",
        "is_verified": false,
        "line_number": 248,
        "is_secret": true
      },
      {
        "type": "Hex High Entropy String",
        "filename": "tests/integration/test_client.py",
        "hashed_secret": "cddba27a55fead7ca013f34a28d465f71403af5d",
        "is_verified": false,
        "line_number": 251,
        "is_secret": false
      }
    ]
  },
  "generated_at": "2023-06-21T23:09:00Z"
}
